{"__type":"$$EventMessageAudit","id":"e38a7d4c-1517-41e7-9021-21b8032559a2","ts":"2025-08-11T10:07:53.531+00:00","eventName":"n8n.audit.workflow.updated","message":"n8n.audit.workflow.updated","payload":{"userId":"afb7e677-ed85-4c4a-aa51-0e299273aac4","_email":"9.hashir.ali@gmail.com","_firstName":"Ali","_lastName":"Hashir","globalRole":"global:owner","workflowId":"tmM7HQakmp9P1Sg1","workflowName":"Draft Article v1 (local)"}}
{"__type":"$$EventMessageConfirm","confirm":"e38a7d4c-1517-41e7-9021-21b8032559a2","ts":"2025-08-11T10:07:53.532+00:00","source":{"id":"0","name":"eventBus"}}
{"__type":"$$EventMessageWorkflow","id":"3d17e499-4917-402e-b0c9-950de2de7b99","ts":"2025-08-11T10:09:54.248+00:00","eventName":"n8n.workflow.started","message":"n8n.workflow.started","payload":{"executionId":"2","workflowId":"tmM7HQakmp9P1Sg1","isManual":false,"workflowName":"Draft Article v1 (local)"}}
{"__type":"$$EventMessageConfirm","confirm":"3d17e499-4917-402e-b0c9-950de2de7b99","ts":"2025-08-11T10:09:54.249+00:00","source":{"id":"0","name":"eventBus"}}
{"__type":"$$EventMessageNode","id":"adae225d-c588-4de4-aab3-e79a38e21e55","ts":"2025-08-11T10:09:54.252+00:00","eventName":"n8n.node.started","message":"n8n.node.started","payload":{"workflowId":"tmM7HQakmp9P1Sg1","workflowName":"Draft Article v1 (local)","executionId":"2","nodeType":"n8n-nodes-base.set","nodeName":"Input","nodeId":"f1fb75cf-fafb-4356-9f73-e264befbb9fb"}}
{"__type":"$$EventMessageConfirm","confirm":"adae225d-c588-4de4-aab3-e79a38e21e55","ts":"2025-08-11T10:09:54.253+00:00","source":{"id":"0","name":"eventBus"}}
{"__type":"$$EventMessageNode","id":"6749ecf5-e2c7-44af-9f9d-718d10b3e37d","ts":"2025-08-11T10:09:54.268+00:00","eventName":"n8n.node.finished","message":"n8n.node.finished","payload":{"workflowId":"tmM7HQakmp9P1Sg1","workflowName":"Draft Article v1 (local)","executionId":"2","nodeType":"n8n-nodes-base.set","nodeName":"Input","nodeId":"f1fb75cf-fafb-4356-9f73-e264befbb9fb"}}
{"__type":"$$EventMessageConfirm","confirm":"6749ecf5-e2c7-44af-9f9d-718d10b3e37d","ts":"2025-08-11T10:09:54.268+00:00","source":{"id":"0","name":"eventBus"}}
{"__type":"$$EventMessageNode","id":"b6fe44d5-2bbc-49ec-8fc6-f8b700cf671e","ts":"2025-08-11T10:09:54.270+00:00","eventName":"n8n.node.started","message":"n8n.node.started","payload":{"workflowId":"tmM7HQakmp9P1Sg1","workflowName":"Draft Article v1 (local)","executionId":"2","nodeType":"n8n-nodes-base.httpRequest","nodeName":"HTTP Request","nodeId":"fe53fb32-a766-48cf-9020-9cdb5f5ee11a"}}
{"__type":"$$EventMessageConfirm","confirm":"b6fe44d5-2bbc-49ec-8fc6-f8b700cf671e","ts":"2025-08-11T10:09:54.270+00:00","source":{"id":"0","name":"eventBus"}}
{"__type":"$$EventMessageNode","id":"d22a1c3e-efc9-4875-8966-95ac7af7cb43","ts":"2025-08-11T10:09:54.510+00:00","eventName":"n8n.node.finished","message":"n8n.node.finished","payload":{"workflowId":"tmM7HQakmp9P1Sg1","workflowName":"Draft Article v1 (local)","executionId":"2","nodeType":"n8n-nodes-base.httpRequest","nodeName":"HTTP Request","nodeId":"fe53fb32-a766-48cf-9020-9cdb5f5ee11a"}}
{"__type":"$$EventMessageConfirm","confirm":"d22a1c3e-efc9-4875-8966-95ac7af7cb43","ts":"2025-08-11T10:09:54.510+00:00","source":{"id":"0","name":"eventBus"}}
{"__type":"$$EventMessageWorkflow","id":"31618339-8a87-4b7d-ad0d-50ad29752d3b","ts":"2025-08-11T10:09:54.514+00:00","eventName":"n8n.workflow.failed","message":"n8n.workflow.failed","payload":{"userId":"afb7e677-ed85-4c4a-aa51-0e299273aac4","executionId":"2","success":false,"isManual":true,"workflowId":"tmM7HQakmp9P1Sg1","workflowName":"Draft Article v1 (local)","lastNodeExecuted":"HTTP Request","errorNodeType":"n8n-nodes-base.httpRequest","errorMessage":"Your request is invalid or could not be processed by the service"}}
{"__type":"$$EventMessageConfirm","confirm":"31618339-8a87-4b7d-ad0d-50ad29752d3b","ts":"2025-08-11T10:09:54.514+00:00","source":{"id":"0","name":"eventBus"}}
{"__type":"$$EventMessageWorkflow","id":"9b7705ed-7dfe-40de-b615-371948519032","ts":"2025-08-11T10:11:22.087+00:00","eventName":"n8n.workflow.started","message":"n8n.workflow.started","payload":{"executionId":"3","workflowId":"tmM7HQakmp9P1Sg1","isManual":false,"workflowName":"Draft Article v1 (local)"}}
{"__type":"$$EventMessageConfirm","confirm":"9b7705ed-7dfe-40de-b615-371948519032","ts":"2025-08-11T10:11:22.087+00:00","source":{"id":"0","name":"eventBus"}}
{"__type":"$$EventMessageNode","id":"19a94809-74cd-46a4-b47d-ad2b2b44cb14","ts":"2025-08-11T10:11:22.089+00:00","eventName":"n8n.node.started","message":"n8n.node.started","payload":{"workflowId":"tmM7HQakmp9P1Sg1","workflowName":"Draft Article v1 (local)","executionId":"3","nodeType":"n8n-nodes-base.httpRequest","nodeName":"HTTP Request","nodeId":"fe53fb32-a766-48cf-9020-9cdb5f5ee11a"}}
{"__type":"$$EventMessageConfirm","confirm":"19a94809-74cd-46a4-b47d-ad2b2b44cb14","ts":"2025-08-11T10:11:22.089+00:00","source":{"id":"0","name":"eventBus"}}
{"__type":"$$EventMessageNode","id":"5c948774-11c8-404d-a288-415a39fac601","ts":"2025-08-11T06:11:22.213-04:00","eventName":"n8n.node.finished","message":"n8n.node.finished","payload":{"workflowId":"tmM7HQakmp9P1Sg1","workflowName":"Draft Article v1 (local)","executionId":"3","nodeType":"n8n-nodes-base.httpRequest","nodeName":"HTTP Request","nodeId":"fe53fb32-a766-48cf-9020-9cdb5f5ee11a"}}
{"__type":"$$EventMessageConfirm","confirm":"5c948774-11c8-404d-a288-415a39fac601","ts":"2025-08-11T06:11:22.213-04:00","source":{"id":"0","name":"eventBus"}}
{"__type":"$$EventMessageWorkflow","id":"843e82b0-79ce-4bff-9125-35088693d335","ts":"2025-08-11T06:11:22.215-04:00","eventName":"n8n.workflow.success","message":"n8n.workflow.success","payload":{"userId":"afb7e677-ed85-4c4a-aa51-0e299273aac4","executionId":"3","success":true,"isManual":true,"workflowId":"tmM7HQakmp9P1Sg1","workflowName":"Draft Article v1 (local)"}}
{"__type":"$$EventMessageConfirm","confirm":"843e82b0-79ce-4bff-9125-35088693d335","ts":"2025-08-11T06:11:22.215-04:00","source":{"id":"0","name":"eventBus"}}
{"__type":"$$EventMessageWorkflow","id":"a01c8d30-f0a7-4387-9809-fa8d3bf0cfa6","ts":"2025-08-11T06:13:37.961-04:00","eventName":"n8n.workflow.started","message":"n8n.workflow.started","payload":{"executionId":"4","workflowId":"tmM7HQakmp9P1Sg1","isManual":false,"workflowName":"Draft Article v1 (local)"}}
{"__type":"$$EventMessageConfirm","confirm":"a01c8d30-f0a7-4387-9809-fa8d3bf0cfa6","ts":"2025-08-11T06:13:37.962-04:00","source":{"id":"0","name":"eventBus"}}
{"__type":"$$EventMessageNode","id":"373c6d78-8d27-4131-aaad-84e92c8edb05","ts":"2025-08-11T06:13:37.962-04:00","eventName":"n8n.node.started","message":"n8n.node.started","payload":{"workflowId":"tmM7HQakmp9P1Sg1","workflowName":"Draft Article v1 (local)","executionId":"4","nodeType":"n8n-nodes-base.manualTrigger","nodeName":"When clicking ‘Execute workflow’","nodeId":"8522bc4a-b928-4bd7-8b61-00ddfeb8c310"}}
{"__type":"$$EventMessageConfirm","confirm":"373c6d78-8d27-4131-aaad-84e92c8edb05","ts":"2025-08-11T06:13:37.962-04:00","source":{"id":"0","name":"eventBus"}}
{"__type":"$$EventMessageNode","id":"cfedc339-84cc-418d-853a-95f8f26f4d82","ts":"2025-08-11T06:13:37.965-04:00","eventName":"n8n.node.finished","message":"n8n.node.finished","payload":{"workflowId":"tmM7HQakmp9P1Sg1","workflowName":"Draft Article v1 (local)","executionId":"4","nodeType":"n8n-nodes-base.manualTrigger","nodeName":"When clicking ‘Execute workflow’","nodeId":"8522bc4a-b928-4bd7-8b61-00ddfeb8c310"}}
{"__type":"$$EventMessageConfirm","confirm":"cfedc339-84cc-418d-853a-95f8f26f4d82","ts":"2025-08-11T06:13:37.965-04:00","source":{"id":"0","name":"eventBus"}}
{"__type":"$$EventMessageNode","id":"fec59a80-f466-4899-95db-dfab57b24330","ts":"2025-08-11T06:13:37.966-04:00","eventName":"n8n.node.started","message":"n8n.node.started","payload":{"workflowId":"tmM7HQakmp9P1Sg1","workflowName":"Draft Article v1 (local)","executionId":"4","nodeType":"n8n-nodes-base.set","nodeName":"Input","nodeId":"f1fb75cf-fafb-4356-9f73-e264befbb9fb"}}
{"__type":"$$EventMessageConfirm","confirm":"fec59a80-f466-4899-95db-dfab57b24330","ts":"2025-08-11T06:13:37.966-04:00","source":{"id":"0","name":"eventBus"}}
{"__type":"$$EventMessageNode","id":"8add6529-8ceb-4a12-9073-7edcfe238d3e","ts":"2025-08-11T06:13:37.968-04:00","eventName":"n8n.node.finished","message":"n8n.node.finished","payload":{"workflowId":"tmM7HQakmp9P1Sg1","workflowName":"Draft Article v1 (local)","executionId":"4","nodeType":"n8n-nodes-base.set","nodeName":"Input","nodeId":"f1fb75cf-fafb-4356-9f73-e264befbb9fb"}}
{"__type":"$$EventMessageConfirm","confirm":"8add6529-8ceb-4a12-9073-7edcfe238d3e","ts":"2025-08-11T06:13:37.968-04:00","source":{"id":"0","name":"eventBus"}}
{"__type":"$$EventMessageNode","id":"92d49d12-9fc6-41b6-a815-be61599af9a4","ts":"2025-08-11T06:13:37.969-04:00","eventName":"n8n.node.started","message":"n8n.node.started","payload":{"workflowId":"tmM7HQakmp9P1Sg1","workflowName":"Draft Article v1 (local)","executionId":"4","nodeType":"n8n-nodes-base.httpRequest","nodeName":"Write","nodeId":"fe53fb32-a766-48cf-9020-9cdb5f5ee11a"}}
{"__type":"$$EventMessageConfirm","confirm":"92d49d12-9fc6-41b6-a815-be61599af9a4","ts":"2025-08-11T06:13:37.969-04:00","source":{"id":"0","name":"eventBus"}}
{"__type":"$$EventMessageNode","id":"8c6ada5b-d39a-42ee-8301-ffe3c349b28c","ts":"2025-08-11T06:13:37.969-04:00","eventName":"n8n.node.finished","message":"n8n.node.finished","payload":{"workflowId":"tmM7HQakmp9P1Sg1","workflowName":"Draft Article v1 (local)","executionId":"4","nodeType":"n8n-nodes-base.httpRequest","nodeName":"Write","nodeId":"fe53fb32-a766-48cf-9020-9cdb5f5ee11a"}}
{"__type":"$$EventMessageConfirm","confirm":"8c6ada5b-d39a-42ee-8301-ffe3c349b28c","ts":"2025-08-11T06:13:37.969-04:00","source":{"id":"0","name":"eventBus"}}
{"__type":"$$EventMessageNode","id":"a8b5a3d9-2b75-4eb9-abb1-ba72f781d5a9","ts":"2025-08-11T06:13:37.970-04:00","eventName":"n8n.node.started","message":"n8n.node.started","payload":{"workflowId":"tmM7HQakmp9P1Sg1","workflowName":"Draft Article v1 (local)","executionId":"4","nodeType":"n8n-nodes-base.httpRequest","nodeName":"Imagist","nodeId":"8117bd25-536f-4ba1-8525-e53fc9184390"}}
{"__type":"$$EventMessageConfirm","confirm":"a8b5a3d9-2b75-4eb9-abb1-ba72f781d5a9","ts":"2025-08-11T06:13:37.970-04:00","source":{"id":"0","name":"eventBus"}}
{"__type":"$$EventMessageNode","id":"1069af32-becc-4fa9-9a38-e26d21693065","ts":"2025-08-11T06:13:37.995-04:00","eventName":"n8n.node.finished","message":"n8n.node.finished","payload":{"workflowId":"tmM7HQakmp9P1Sg1","workflowName":"Draft Article v1 (local)","executionId":"4","nodeType":"n8n-nodes-base.httpRequest","nodeName":"Imagist","nodeId":"8117bd25-536f-4ba1-8525-e53fc9184390"}}
{"__type":"$$EventMessageConfirm","confirm":"1069af32-becc-4fa9-9a38-e26d21693065","ts":"2025-08-11T06:13:37.995-04:00","source":{"id":"0","name":"eventBus"}}
{"__type":"$$EventMessageWorkflow","id":"e64188d4-2b14-4f2a-8536-628b6784cb0e","ts":"2025-08-11T06:13:37.998-04:00","eventName":"n8n.workflow.success","message":"n8n.workflow.success","payload":{"userId":"afb7e677-ed85-4c4a-aa51-0e299273aac4","executionId":"4","success":true,"isManual":true,"workflowId":"tmM7HQakmp9P1Sg1","workflowName":"Draft Article v1 (local)"}}
{"__type":"$$EventMessageConfirm","confirm":"e64188d4-2b14-4f2a-8536-628b6784cb0e","ts":"2025-08-11T06:13:37.999-04:00","source":{"id":"0","name":"eventBus"}}
{"__type":"$$EventMessageWorkflow","id":"42c7282f-ae43-4580-a350-3de4a149a646","ts":"2025-08-11T06:13:58.399-04:00","eventName":"n8n.workflow.started","message":"n8n.workflow.started","payload":{"executionId":"5","workflowId":"tmM7HQakmp9P1Sg1","isManual":false,"workflowName":"Draft Article v1 (local)"}}
{"__type":"$$EventMessageConfirm","confirm":"42c7282f-ae43-4580-a350-3de4a149a646","ts":"2025-08-11T06:13:58.400-04:00","source":{"id":"0","name":"eventBus"}}
{"__type":"$$EventMessageNode","id":"7c0dc50e-befc-407a-8b74-bc027d93deb2","ts":"2025-08-11T06:13:58.400-04:00","eventName":"n8n.node.started","message":"n8n.node.started","payload":{"workflowId":"tmM7HQakmp9P1Sg1","workflowName":"Draft Article v1 (local)","executionId":"5","nodeType":"n8n-nodes-base.manualTrigger","nodeName":"When clicking ‘Execute workflow’","nodeId":"8522bc4a-b928-4bd7-8b61-00ddfeb8c310"}}
{"__type":"$$EventMessageConfirm","confirm":"7c0dc50e-befc-407a-8b74-bc027d93deb2","ts":"2025-08-11T06:13:58.400-04:00","source":{"id":"0","name":"eventBus"}}
{"__type":"$$EventMessageNode","id":"5873cec0-7c14-4ce2-853d-aac74dd59915","ts":"2025-08-11T06:13:58.403-04:00","eventName":"n8n.node.finished","message":"n8n.node.finished","payload":{"workflowId":"tmM7HQakmp9P1Sg1","workflowName":"Draft Article v1 (local)","executionId":"5","nodeType":"n8n-nodes-base.manualTrigger","nodeName":"When clicking ‘Execute workflow’","nodeId":"8522bc4a-b928-4bd7-8b61-00ddfeb8c310"}}
{"__type":"$$EventMessageConfirm","confirm":"5873cec0-7c14-4ce2-853d-aac74dd59915","ts":"2025-08-11T06:13:58.403-04:00","source":{"id":"0","name":"eventBus"}}
{"__type":"$$EventMessageNode","id":"60192e89-fcd3-47a9-b8d9-89d3f5c89638","ts":"2025-08-11T06:13:58.404-04:00","eventName":"n8n.node.started","message":"n8n.node.started","payload":{"workflowId":"tmM7HQakmp9P1Sg1","workflowName":"Draft Article v1 (local)","executionId":"5","nodeType":"n8n-nodes-base.set","nodeName":"Input","nodeId":"f1fb75cf-fafb-4356-9f73-e264befbb9fb"}}
{"__type":"$$EventMessageConfirm","confirm":"60192e89-fcd3-47a9-b8d9-89d3f5c89638","ts":"2025-08-11T06:13:58.404-04:00","source":{"id":"0","name":"eventBus"}}
{"__type":"$$EventMessageNode","id":"a0afdcc9-9818-4096-8ea8-835eda48692b","ts":"2025-08-11T06:13:58.407-04:00","eventName":"n8n.node.finished","message":"n8n.node.finished","payload":{"workflowId":"tmM7HQakmp9P1Sg1","workflowName":"Draft Article v1 (local)","executionId":"5","nodeType":"n8n-nodes-base.set","nodeName":"Input","nodeId":"f1fb75cf-fafb-4356-9f73-e264befbb9fb"}}
{"__type":"$$EventMessageConfirm","confirm":"a0afdcc9-9818-4096-8ea8-835eda48692b","ts":"2025-08-11T06:13:58.407-04:00","source":{"id":"0","name":"eventBus"}}
{"__type":"$$EventMessageNode","id":"c95b927b-ed2c-49f9-905d-b9557f9264a1","ts":"2025-08-11T06:13:58.408-04:00","eventName":"n8n.node.started","message":"n8n.node.started","payload":{"workflowId":"tmM7HQakmp9P1Sg1","workflowName":"Draft Article v1 (local)","executionId":"5","nodeType":"n8n-nodes-base.httpRequest","nodeName":"Write","nodeId":"fe53fb32-a766-48cf-9020-9cdb5f5ee11a"}}
{"__type":"$$EventMessageConfirm","confirm":"c95b927b-ed2c-49f9-905d-b9557f9264a1","ts":"2025-08-11T06:13:58.409-04:00","source":{"id":"0","name":"eventBus"}}
{"__type":"$$EventMessageNode","id":"7188650b-fa76-4f21-a1b5-bc4ddacd4d7d","ts":"2025-08-11T06:13:58.424-04:00","eventName":"n8n.node.finished","message":"n8n.node.finished","payload":{"workflowId":"tmM7HQakmp9P1Sg1","workflowName":"Draft Article v1 (local)","executionId":"5","nodeType":"n8n-nodes-base.httpRequest","nodeName":"Write","nodeId":"fe53fb32-a766-48cf-9020-9cdb5f5ee11a"}}
{"__type":"$$EventMessageConfirm","confirm":"7188650b-fa76-4f21-a1b5-bc4ddacd4d7d","ts":"2025-08-11T06:13:58.424-04:00","source":{"id":"0","name":"eventBus"}}
{"__type":"$$EventMessageNode","id":"5fb789a7-ae30-42cd-beb2-d877b441cf30","ts":"2025-08-11T06:13:58.424-04:00","eventName":"n8n.node.started","message":"n8n.node.started","payload":{"workflowId":"tmM7HQakmp9P1Sg1","workflowName":"Draft Article v1 (local)","executionId":"5","nodeType":"n8n-nodes-base.httpRequest","nodeName":"Imagist","nodeId":"8117bd25-536f-4ba1-8525-e53fc9184390"}}
{"__type":"$$EventMessageConfirm","confirm":"5fb789a7-ae30-42cd-beb2-d877b441cf30","ts":"2025-08-11T06:13:58.425-04:00","source":{"id":"0","name":"eventBus"}}
{"__type":"$$EventMessageNode","id":"1dc56c33-2123-4be6-becb-ea93b3aa56c4","ts":"2025-08-11T06:13:58.441-04:00","eventName":"n8n.node.finished","message":"n8n.node.finished","payload":{"workflowId":"tmM7HQakmp9P1Sg1","workflowName":"Draft Article v1 (local)","executionId":"5","nodeType":"n8n-nodes-base.httpRequest","nodeName":"Imagist","nodeId":"8117bd25-536f-4ba1-8525-e53fc9184390"}}
{"__type":"$$EventMessageConfirm","confirm":"1dc56c33-2123-4be6-becb-ea93b3aa56c4","ts":"2025-08-11T06:13:58.442-04:00","source":{"id":"0","name":"eventBus"}}
{"__type":"$$EventMessageWorkflow","id":"ea7dab5b-1339-48c8-9574-e273ecbecfaa","ts":"2025-08-11T06:13:58.454-04:00","eventName":"n8n.workflow.success","message":"n8n.workflow.success","payload":{"userId":"afb7e677-ed85-4c4a-aa51-0e299273aac4","executionId":"5","success":true,"isManual":true,"workflowId":"tmM7HQakmp9P1Sg1","workflowName":"Draft Article v1 (local)"}}
{"__type":"$$EventMessageConfirm","confirm":"ea7dab5b-1339-48c8-9574-e273ecbecfaa","ts":"2025-08-11T06:13:58.455-04:00","source":{"id":"0","name":"eventBus"}}
